GAMS 30.3.0  rc5da09e Released Mar  6, 2020 WEX-WEI x86 64bit/MS Windows                                                                                                                                                               04/20/20 15:01:08 Page 1
G e n e r a l   A l g e b r a i c   M o d e l i n g   S y s t e m
C o m p i l a t i o n


   1  set t;
   2   
   3  set c;
   4   
   5  set d;
   6   
   7  set tech_param;
   8   
   9   
  10  parameter demand(t);
  11   
  12  parameter controllable_demand(d);
  13   
  14  parameter pv_production(t);
  15   
  16  parameter costs;
  17   
  18  parameter t_in_d(t, d);
  19   
  20  parameter  technical_parameters(tech_param)
  21   
GDXIN   C:\Users\MagerlU\Documents\GitHub\PV-Greenhouse-Integration\data/input/input.gdx
--- LOAD  t = 1:t
--- LOAD  d = 2:d
--- LOAD  c = 3:c
--- LOAD  tech_param = 4:tech_param
--- LOAD  demand = 5:demand
--- LOAD  pv_production = 6:pv_production
--- LOAD  costs = 7:costs
--- LOAD  controllable_demand = 8:controllable_demand
--- LOAD  t_in_d = 9:t_in_d
--- LOAD  technical_parameters = 10:technical_parameters
  25   
  26  positive variable
  27  x_pv,
  28  x_storage,
  29  x_in,
  30  x_out,
  31  x_soc,
  32  x_direct_use,
  33  x_curtailment,
  34  x_buy_from_grid,
  35  x_sell_to_grid,
  36  x_control_demand;
  37   
  38  variable x_cost;
  39   
  40  equations
  41  obj,
  42  demand_balance,
  43  pv_balance,
  44  stor_max,
  45  stor_balance,
GAMS 30.3.0  rc5da09e Released Mar  6, 2020 WEX-WEI x86 64bit/MS Windows                                                                                                                                                               04/20/20 15:01:08 Page 2
G e n e r a l   A l g e b r a i c   M o d e l i n g   S y s t e m
C o m p i l a t i o n


  46  control_dem,
  47  control_dem_max;
  48   
  49  obj..x_cost =E= costs("investment_costs_PV") * x_pv +
  50                  costs("investment_costs_storage") * x_storage +
  51                  sum(t, costs("grid_buy_costs") * x_buy_from_grid(t)) -
  52                  sum(t, costs("grid_sell_price") * x_sell_to_grid(t))
  53                          ;
  54   
  55  demand_balance(t).. x_direct_use(t) + x_out(t) + x_buy_from_grid(t)=E=
  56                              demand(t) + x_control_demand(t);
  57   
  58  pv_balance(t)..pv_production(t)*x_pv =E= x_direct_use(t) +
  59                                           x_in(t) +
  60                                           x_curtailment(t) +
  61                                           x_sell_to_grid(t);
  62   
  63  stor_max(t).. x_soc(t) =L= x_storage;
  64   
  65  stor_balance(t)..x_soc(t) =E= x_soc(t-1) + technical_parameters("efficiency_storage")*x_in(t) - x_out(t);
  66   
  67  control_dem(d)..controllable_demand(d) =E= SUM(t$t_in_d(t,d), x_control_demand(t));
  68   
  69  control_dem_max(t)..x_control_demand(t) =L= technical_parameters("max_power_controllable_load");
  70   
  71  model pv /all/;
  72   
  73  solve pv minimizing x_cost using lp;
  74   
  75  scalar modelstat, solvestat;
  76  modelstat =  pv.modelstat;
  77  solvestat =  pv.solvestat;
  78   
  79  Execute_Unload 'data/output/output.gdx';
  80   
  81   
  82   
  83   
  84   
  85   
  86   
  87   
  88   
  89   
  90   
GAMS 30.3.0  rc5da09e Released Mar  6, 2020 WEX-WEI x86 64bit/MS Windows                                                                                                                                                               04/20/20 15:01:08 Page 3
G e n e r a l   A l g e b r a i c   M o d e l i n g   S y s t e m
Include File Summary


   SEQ   GLOBAL TYPE      PARENT   LOCAL  FILENAME

     1        1 INPUT          0       0  C:\Users\MagerlU\Documents\GitHub\PV-Greenhouse-Integration\src/GAMS/pvsimple.gms
     2       22 GDXIN          1      22  C:\Users\MagerlU\Documents\GitHub\PV-Greenhouse-Integration\data/input/input.gdx


COMPILATION TIME     =        0.000 SECONDS      3 MB  30.3.0 rc5da09e WEX-WEI
GAMS 30.3.0  rc5da09e Released Mar  6, 2020 WEX-WEI x86 64bit/MS Windows                                                                                                                                                               04/20/20 15:01:08 Page 4
G e n e r a l   A l g e b r a i c   M o d e l i n g   S y s t e m
Equation Listing    SOLVE pv Using LP From line 73


---- obj  =E=  

obj..  - 0.267099968660858*x_pv - 0.178351117679465*x_storage - 0.18*x_buy_from_grid(t1) - 0.18*x_buy_from_grid(t10) - 0.18*x_buy_from_grid(t11) - 0.18*x_buy_from_grid(t12) - 0.18*x_buy_from_grid(t13) - 0.18*x_buy_from_grid(t14)
     
      - 0.18*x_buy_from_grid(t15) - 0.18*x_buy_from_grid(t16) - 0.18*x_buy_from_grid(t17) - 0.18*x_buy_from_grid(t18) - 0.18*x_buy_from_grid(t19) - 0.18*x_buy_from_grid(t2) - 0.18*x_buy_from_grid(t20) - 0.18*x_buy_from_grid(t21)
     
      - 0.18*x_buy_from_grid(t22) - 0.18*x_buy_from_grid(t23) - 0.18*x_buy_from_grid(t24) - 0.18*x_buy_from_grid(t25) - 0.18*x_buy_from_grid(t26) - 0.18*x_buy_from_grid(t27) - 0.18*x_buy_from_grid(t28) - 0.18*x_buy_from_grid(t29)
     
      - 0.18*x_buy_from_grid(t3) - 0.18*x_buy_from_grid(t30) - 0.18*x_buy_from_grid(t31) - 0.18*x_buy_from_grid(t32) - 0.18*x_buy_from_grid(t33) - 0.18*x_buy_from_grid(t34) - 0.18*x_buy_from_grid(t35) - 0.18*x_buy_from_grid(t36)
     
      - 0.18*x_buy_from_grid(t37) - 0.18*x_buy_from_grid(t38) - 0.18*x_buy_from_grid(t39) - 0.18*x_buy_from_grid(t4) - 0.18*x_buy_from_grid(t40) - 0.18*x_buy_from_grid(t41) - 0.18*x_buy_from_grid(t42) - 0.18*x_buy_from_grid(t43)
     
      - 0.18*x_buy_from_grid(t44) - 0.18*x_buy_from_grid(t45) - 0.18*x_buy_from_grid(t46) - 0.18*x_buy_from_grid(t47) - 0.18*x_buy_from_grid(t48) - 0.18*x_buy_from_grid(t5) - 0.18*x_buy_from_grid(t6) - 0.18*x_buy_from_grid(t7) - 0.18*x_buy_from_grid(t8)
     
      - 0.18*x_buy_from_grid(t9) + 0.05*x_sell_to_grid(t1) + 0.05*x_sell_to_grid(t10) + 0.05*x_sell_to_grid(t11) + 0.05*x_sell_to_grid(t12) + 0.05*x_sell_to_grid(t13) + 0.05*x_sell_to_grid(t14) + 0.05*x_sell_to_grid(t15) + 0.05*x_sell_to_grid(t16)
     
      + 0.05*x_sell_to_grid(t17) + 0.05*x_sell_to_grid(t18) + 0.05*x_sell_to_grid(t19) + 0.05*x_sell_to_grid(t2) + 0.05*x_sell_to_grid(t20) + 0.05*x_sell_to_grid(t21) + 0.05*x_sell_to_grid(t22) + 0.05*x_sell_to_grid(t23) + 0.05*x_sell_to_grid(t24)
     
      + 0.05*x_sell_to_grid(t25) + 0.05*x_sell_to_grid(t26) + 0.05*x_sell_to_grid(t27) + 0.05*x_sell_to_grid(t28) + 0.05*x_sell_to_grid(t29) + 0.05*x_sell_to_grid(t3) + 0.05*x_sell_to_grid(t30) + 0.05*x_sell_to_grid(t31) + 0.05*x_sell_to_grid(t32)
     
      + 0.05*x_sell_to_grid(t33) + 0.05*x_sell_to_grid(t34) + 0.05*x_sell_to_grid(t35) + 0.05*x_sell_to_grid(t36) + 0.05*x_sell_to_grid(t37) + 0.05*x_sell_to_grid(t38) + 0.05*x_sell_to_grid(t39) + 0.05*x_sell_to_grid(t4) + 0.05*x_sell_to_grid(t40)
     
      + 0.05*x_sell_to_grid(t41) + 0.05*x_sell_to_grid(t42) + 0.05*x_sell_to_grid(t43) + 0.05*x_sell_to_grid(t44) + 0.05*x_sell_to_grid(t45) + 0.05*x_sell_to_grid(t46) + 0.05*x_sell_to_grid(t47) + 0.05*x_sell_to_grid(t48) + 0.05*x_sell_to_grid(t5)
     
      + 0.05*x_sell_to_grid(t6) + 0.05*x_sell_to_grid(t7) + 0.05*x_sell_to_grid(t8) + 0.05*x_sell_to_grid(t9) + x_cost =E= 0 ; (LHS = 0)
     

---- demand_balance  =E=  

demand_balance(t1)..  x_out(t1) + x_direct_use(t1) + x_buy_from_grid(t1) - x_control_demand(t1) =E= 301.34285974782 ; (LHS = 0, INFES = 301.34285974782 ****)
     
demand_balance(t10)..  x_out(t10) + x_direct_use(t10) + x_buy_from_grid(t10) - x_control_demand(t10) =E= 16.9809755170718 ; (LHS = 0, INFES = 16.9809755170718 ****)
     
demand_balance(t11)..  x_out(t11) + x_direct_use(t11) + x_buy_from_grid(t11) - x_control_demand(t11) =E= 237.852028571069 ; (LHS = 0, INFES = 237.852028571069 ****)
     
REMAINING 45 ENTRIES SKIPPED


---- pv_balance  =E=  

pv_balance(t1)..  0.0109437206760049*x_pv - x_in(t1) - x_direct_use(t1) - x_curtailment(t1) - x_sell_to_grid(t1) =E= 0 ; (LHS = 0)
     
pv_balance(t10)..  0.0105630095582455*x_pv - x_in(t10) - x_direct_use(t10) - x_curtailment(t10) - x_sell_to_grid(t10) =E= 0 ; (LHS = 0)
     
pv_balance(t11)..  0.094385309307836*x_pv - x_in(t11) - x_direct_use(t11) - x_curtailment(t11) - x_sell_to_grid(t11) =E= 0 ; (LHS = 0)
     
REMAINING 45 ENTRIES SKIPPED

GAMS 30.3.0  rc5da09e Released Mar  6, 2020 WEX-WEI x86 64bit/MS Windows                                                                                                                                                               04/20/20 15:01:08 Page 5
G e n e r a l   A l g e b r a i c   M o d e l i n g   S y s t e m
Equation Listing    SOLVE pv Using LP From line 73


---- stor_max  =L=  

stor_max(t1)..  - x_storage + x_soc(t1) =L= 0 ; (LHS = 0)
     
stor_max(t10)..  - x_storage + x_soc(t10) =L= 0 ; (LHS = 0)
     
stor_max(t11)..  - x_storage + x_soc(t11) =L= 0 ; (LHS = 0)
     
REMAINING 45 ENTRIES SKIPPED


---- stor_balance  =E=  

stor_balance(t1)..  - 0.9*x_in(t1) + x_out(t1) + x_soc(t1) =E= 0 ; (LHS = 0)
     
stor_balance(t10)..  - 0.9*x_in(t10) + x_out(t10) - x_soc(t1) + x_soc(t10) =E= 0 ; (LHS = 0)
     
stor_balance(t11)..  - 0.9*x_in(t11) + x_out(t11) - x_soc(t10) + x_soc(t11) =E= 0 ; (LHS = 0)
     
REMAINING 45 ENTRIES SKIPPED


---- control_dem  =E=  

control_dem(d1)..  - x_control_demand(t1) - x_control_demand(t10) - x_control_demand(t11) - x_control_demand(t12) - x_control_demand(t13) - x_control_demand(t14) - x_control_demand(t15) - x_control_demand(t16) - x_control_demand(t17)
     
      - x_control_demand(t18) - x_control_demand(t19) - x_control_demand(t2) - x_control_demand(t20) - x_control_demand(t21) - x_control_demand(t22) - x_control_demand(t23) - x_control_demand(t24) - x_control_demand(t3) - x_control_demand(t4)
     
      - x_control_demand(t5) - x_control_demand(t6) - x_control_demand(t7) - x_control_demand(t8) - x_control_demand(t9) =E= -7381.20644632727 ; (LHS = 0, INFES = 7381.20644632727 ****)
     
control_dem(d2)..  - x_control_demand(t25) - x_control_demand(t26) - x_control_demand(t27) - x_control_demand(t28) - x_control_demand(t29) - x_control_demand(t30) - x_control_demand(t31) - x_control_demand(t32) - x_control_demand(t33)
     
      - x_control_demand(t34) - x_control_demand(t35) - x_control_demand(t36) - x_control_demand(t37) - x_control_demand(t38) - x_control_demand(t39) - x_control_demand(t40) - x_control_demand(t41) - x_control_demand(t42) - x_control_demand(t43)
     
      - x_control_demand(t44) - x_control_demand(t45) - x_control_demand(t46) - x_control_demand(t47) - x_control_demand(t48) =E= -5123.07619024068 ; (LHS = 0, INFES = 5123.07619024068 ****)
     

---- control_dem_max  =L=  

control_dem_max(t1)..  x_control_demand(t1) =L= 1000 ; (LHS = 0)
     
control_dem_max(t10)..  x_control_demand(t10) =L= 1000 ; (LHS = 0)
     
control_dem_max(t11)..  x_control_demand(t11) =L= 1000 ; (LHS = 0)
     
REMAINING 45 ENTRIES SKIPPED

GAMS 30.3.0  rc5da09e Released Mar  6, 2020 WEX-WEI x86 64bit/MS Windows                                                                                                                                                               04/20/20 15:01:08 Page 6
G e n e r a l   A l g e b r a i c   M o d e l i n g   S y s t e m
Column Listing      SOLVE pv Using LP From line 73


---- x_pv  

x_pv
                (.LO, .L, .UP, .M = 0, 0, +INF, 0)
       -0.2671  obj
        0.0109  pv_balance(t1)
        0.0106  pv_balance(t10)
        0.0944  pv_balance(t11)
        0.0453  pv_balance(t12)
        0.0142  pv_balance(t13)
        0.062   pv_balance(t14)
        0.0877  pv_balance(t15)
        0.0003  pv_balance(t16)
        0.0056  pv_balance(t17)
        0.0817  pv_balance(t18)
        0.0292  pv_balance(t19)
        0.069   pv_balance(t2)
        0.0236  pv_balance(t20)
        0.0258  pv_balance(t21)
        0.0466  pv_balance(t22)
        0.0694  pv_balance(t23)
        0.0667  pv_balance(t24)
        0.0171  pv_balance(t25)
        0.0199  pv_balance(t26)
        0.0911  pv_balance(t27)
        0.0024  pv_balance(t28)
        0.0548  pv_balance(t29)
        0.0482  pv_balance(t3)
        0.0654  pv_balance(t30)
        0.0276  pv_balance(t31)
        0.0523  pv_balance(t32)
        0.0299  pv_balance(t33)
        0.0089  pv_balance(t34)
        0.0957  pv_balance(t35)
        0.0962  pv_balance(t36)
        0.0846  pv_balance(t37)
        0.0338  pv_balance(t38)
        0.0816  pv_balance(t39)
        0.0338  pv_balance(t4)
        0.0184  pv_balance(t40)
        0.05    pv_balance(t41)
        0.053   pv_balance(t42)
        0.0262  pv_balance(t43)
        0.0493  pv_balance(t44)
        0.0308  pv_balance(t45)
        0.0684  pv_balance(t46)
        0.0419  pv_balance(t47)
        0.0083  pv_balance(t48)
        0.0011  pv_balance(t5)
        0.0941  pv_balance(t6)
        0.0956  pv_balance(t7)
        0.0903  pv_balance(t8)
        0.0718  pv_balance(t9)
GAMS 30.3.0  rc5da09e Released Mar  6, 2020 WEX-WEI x86 64bit/MS Windows                                                                                                                                                               04/20/20 15:01:08 Page 7
G e n e r a l   A l g e b r a i c   M o d e l i n g   S y s t e m
Column Listing      SOLVE pv Using LP From line 73


     x_pv  



---- x_storage  

x_storage
                (.LO, .L, .UP, .M = 0, 0, +INF, 0)
       -0.1784  obj
       -1       stor_max(t1)
       -1       stor_max(t10)
       -1       stor_max(t11)
       -1       stor_max(t12)
       -1       stor_max(t13)
       -1       stor_max(t14)
       -1       stor_max(t15)
       -1       stor_max(t16)
       -1       stor_max(t17)
       -1       stor_max(t18)
       -1       stor_max(t19)
       -1       stor_max(t2)
       -1       stor_max(t20)
       -1       stor_max(t21)
       -1       stor_max(t22)
       -1       stor_max(t23)
       -1       stor_max(t24)
       -1       stor_max(t25)
       -1       stor_max(t26)
       -1       stor_max(t27)
       -1       stor_max(t28)
       -1       stor_max(t29)
       -1       stor_max(t3)
       -1       stor_max(t30)
       -1       stor_max(t31)
       -1       stor_max(t32)
       -1       stor_max(t33)
       -1       stor_max(t34)
       -1       stor_max(t35)
       -1       stor_max(t36)
       -1       stor_max(t37)
       -1       stor_max(t38)
       -1       stor_max(t39)
       -1       stor_max(t4)
       -1       stor_max(t40)
       -1       stor_max(t41)
       -1       stor_max(t42)
       -1       stor_max(t43)
       -1       stor_max(t44)
       -1       stor_max(t45)
       -1       stor_max(t46)
       -1       stor_max(t47)
       -1       stor_max(t48)
       -1       stor_max(t5)
GAMS 30.3.0  rc5da09e Released Mar  6, 2020 WEX-WEI x86 64bit/MS Windows                                                                                                                                                               04/20/20 15:01:08 Page 8
G e n e r a l   A l g e b r a i c   M o d e l i n g   S y s t e m
Column Listing      SOLVE pv Using LP From line 73


     x_storage  

       -1       stor_max(t6)
       -1       stor_max(t7)
       -1       stor_max(t8)
       -1       stor_max(t9)


---- x_in  

x_in(t1)
                (.LO, .L, .UP, .M = 0, 0, +INF, 0)
       -1       pv_balance(t1)
       -0.9     stor_balance(t1)

x_in(t10)
                (.LO, .L, .UP, .M = 0, 0, +INF, 0)
       -1       pv_balance(t10)
       -0.9     stor_balance(t10)

x_in(t11)
                (.LO, .L, .UP, .M = 0, 0, +INF, 0)
       -1       pv_balance(t11)
       -0.9     stor_balance(t11)

REMAINING 45 ENTRIES SKIPPED

---- x_out  

x_out(t1)
                (.LO, .L, .UP, .M = 0, 0, +INF, 0)
        1       demand_balance(t1)
        1       stor_balance(t1)

x_out(t10)
                (.LO, .L, .UP, .M = 0, 0, +INF, 0)
        1       demand_balance(t10)
        1       stor_balance(t10)

x_out(t11)
                (.LO, .L, .UP, .M = 0, 0, +INF, 0)
        1       demand_balance(t11)
        1       stor_balance(t11)

REMAINING 45 ENTRIES SKIPPED

---- x_soc  

x_soc(t1)
                (.LO, .L, .UP, .M = 0, 0, +INF, 0)
        1       stor_max(t1)
        1       stor_balance(t1)
       -1       stor_balance(t10)
GAMS 30.3.0  rc5da09e Released Mar  6, 2020 WEX-WEI x86 64bit/MS Windows                                                                                                                                                               04/20/20 15:01:08 Page 9
G e n e r a l   A l g e b r a i c   M o d e l i n g   S y s t e m
Column Listing      SOLVE pv Using LP From line 73


     x_soc  


x_soc(t10)
                (.LO, .L, .UP, .M = 0, 0, +INF, 0)
        1       stor_max(t10)
        1       stor_balance(t10)
       -1       stor_balance(t11)

x_soc(t11)
                (.LO, .L, .UP, .M = 0, 0, +INF, 0)
        1       stor_max(t11)
        1       stor_balance(t11)
       -1       stor_balance(t12)

REMAINING 45 ENTRIES SKIPPED

---- x_direct_use  

x_direct_use(t1)
                (.LO, .L, .UP, .M = 0, 0, +INF, 0)
        1       demand_balance(t1)
       -1       pv_balance(t1)

x_direct_use(t10)
                (.LO, .L, .UP, .M = 0, 0, +INF, 0)
        1       demand_balance(t10)
       -1       pv_balance(t10)

x_direct_use(t11)
                (.LO, .L, .UP, .M = 0, 0, +INF, 0)
        1       demand_balance(t11)
       -1       pv_balance(t11)

REMAINING 45 ENTRIES SKIPPED

---- x_curtailment  

x_curtailment(t1)
                (.LO, .L, .UP, .M = 0, 0, +INF, 0)
       -1       pv_balance(t1)

x_curtailment(t10)
                (.LO, .L, .UP, .M = 0, 0, +INF, 0)
       -1       pv_balance(t10)

x_curtailment(t11)
                (.LO, .L, .UP, .M = 0, 0, +INF, 0)
       -1       pv_balance(t11)

REMAINING 45 ENTRIES SKIPPED
GAMS 30.3.0  rc5da09e Released Mar  6, 2020 WEX-WEI x86 64bit/MS Windows                                                                                                                                                              04/20/20 15:01:08 Page 10
G e n e r a l   A l g e b r a i c   M o d e l i n g   S y s t e m
Column Listing      SOLVE pv Using LP From line 73


---- x_buy_from_grid  

x_buy_from_grid(t1)
                (.LO, .L, .UP, .M = 0, 0, +INF, 0)
       -0.18    obj
        1       demand_balance(t1)

x_buy_from_grid(t10)
                (.LO, .L, .UP, .M = 0, 0, +INF, 0)
       -0.18    obj
        1       demand_balance(t10)

x_buy_from_grid(t11)
                (.LO, .L, .UP, .M = 0, 0, +INF, 0)
       -0.18    obj
        1       demand_balance(t11)

REMAINING 45 ENTRIES SKIPPED

---- x_sell_to_grid  

x_sell_to_grid(t1)
                (.LO, .L, .UP, .M = 0, 0, +INF, 0)
        0.05    obj
       -1       pv_balance(t1)

x_sell_to_grid(t10)
                (.LO, .L, .UP, .M = 0, 0, +INF, 0)
        0.05    obj
       -1       pv_balance(t10)

x_sell_to_grid(t11)
                (.LO, .L, .UP, .M = 0, 0, +INF, 0)
        0.05    obj
       -1       pv_balance(t11)

REMAINING 45 ENTRIES SKIPPED

---- x_control_demand  

x_control_demand(t1)
                (.LO, .L, .UP, .M = 0, 0, +INF, 0)
       -1       demand_balance(t1)
       -1       control_dem(d1)
        1       control_dem_max(t1)

x_control_demand(t10)
                (.LO, .L, .UP, .M = 0, 0, +INF, 0)
       -1       demand_balance(t10)
       -1       control_dem(d1)
        1       control_dem_max(t10)

x_control_demand(t11)
GAMS 30.3.0  rc5da09e Released Mar  6, 2020 WEX-WEI x86 64bit/MS Windows                                                                                                                                                              04/20/20 15:01:08 Page 11
G e n e r a l   A l g e b r a i c   M o d e l i n g   S y s t e m
Column Listing      SOLVE pv Using LP From line 73


     x_control_demand  

                (.LO, .L, .UP, .M = 0, 0, +INF, 0)
       -1       demand_balance(t11)
       -1       control_dem(d1)
        1       control_dem_max(t11)

REMAINING 45 ENTRIES SKIPPED

---- x_cost  

x_cost
                (.LO, .L, .UP, .M = -INF, 0, +INF, 0)
        1       obj

GAMS 30.3.0  rc5da09e Released Mar  6, 2020 WEX-WEI x86 64bit/MS Windows                                                                                                                                                              04/20/20 15:01:08 Page 12
G e n e r a l   A l g e b r a i c   M o d e l i n g   S y s t e m
Model Statistics    SOLVE pv Using LP From line 73


MODEL STATISTICS

BLOCKS OF EQUATIONS           7     SINGLE EQUATIONS          243
BLOCKS OF VARIABLES          11     SINGLE VARIABLES          387
NON ZERO ELEMENTS           914


GENERATION TIME      =        0.078 SECONDS      4 MB  30.3.0 rc5da09e WEX-WEI


EXECUTION TIME       =        0.078 SECONDS      4 MB  30.3.0 rc5da09e WEX-WEI
GAMS 30.3.0  rc5da09e Released Mar  6, 2020 WEX-WEI x86 64bit/MS Windows                                                                                                                                                              04/20/20 15:01:08 Page 13
G e n e r a l   A l g e b r a i c   M o d e l i n g   S y s t e m
Solution Report     SOLVE pv Using LP From line 73


               S O L V E      S U M M A R Y

     MODEL   pv                  OBJECTIVE  x_cost
     TYPE    LP                  DIRECTION  MINIMIZE
     SOLVER  CPLEX               FROM LINE  73

**** SOLVER STATUS     1 Normal Completion         
**** MODEL STATUS      1 Optimal                   
**** OBJECTIVE VALUE             2953.6182

 RESOURCE USAGE, LIMIT          0.015      1000.000
 ITERATION COUNT, LIMIT        99    2000000000

IBM ILOG CPLEX   30.3.0 rc5da09e Released Mar 06, 2020 WEI x86 64bit/MS Window
--- GAMS/Cplex licensed for continuous and discrete problems.
Cplex 12.10.0.0

Space for names approximately 0.01 Mb
Use option 'names no' to turn use of names off
LP status(1): optimal
Cplex Time: 0.01sec (det. 1.88 ticks)
Optimal solution found.
Objective :        2953.618184


                           LOWER          LEVEL          UPPER         MARGINAL

---- EQU obj                 .              .              .             1.0000      

---- EQU demand_balance  

           LOWER          LEVEL          UPPER         MARGINAL

t1        301.3429       301.3429       301.3429         0.1800      
t10        16.9810        16.9810        16.9810         0.1428      
t11       237.8520       237.8520       237.8520         0.1428      
t12       261.5952       261.5952       261.5952         0.1428      
t13       467.0955       467.0955       467.0955         0.1587      
t14        43.9815        43.9815        43.9815         0.1428      
t15       453.7663       453.7663       453.7663         0.1428      
t16        91.1409        91.1409        91.1409         0.1587      
t17       431.1651       431.1651       431.1651         0.1587      
t18       274.5197       274.5197       274.5197         0.1428      
t19       380.7287       380.7287       380.7287         0.1587      
t2        294.4961       294.4961       294.4961         0.1428      
t20        21.1293        21.1293        21.1293         0.1428      
t21       226.2973       226.2973       226.2973         0.1428      
t22       162.4095       162.4095       162.4095         0.1428      
t23       201.6064       201.6064       201.6064         0.1428      
t24       247.6534       247.6534       247.6534         0.1428      
t25        14.9032        14.9032        14.9032         0.0862      
t26        71.2750        71.2750        71.2750         0.0862      
t27        84.9827        84.9827        84.9827         0.0862      
GAMS 30.3.0  rc5da09e Released Mar  6, 2020 WEX-WEI x86 64bit/MS Windows                                                                                                                                                              04/20/20 15:01:08 Page 14
G e n e r a l   A l g e b r a i c   M o d e l i n g   S y s t e m
Solution Report     SOLVE pv Using LP From line 73


     EQU demand_balance  

           LOWER          LEVEL          UPPER         MARGINAL

t28       163.8661       163.8661       163.8661         0.0958      
t29       126.1265       126.1265       126.1265         0.0862      
t3        229.6425       229.6425       229.6425         0.1428      
t30       379.5273       379.5273       379.5273         0.0862      
t31        16.0260        16.0260        16.0260         0.0862      
t32       195.2242       195.2242       195.2242         0.0862      
t33        26.7752        26.7752        26.7752         0.0862      
t34       440.3160       440.3160       440.3160         0.0958      
t35       115.8049       115.8049       115.8049         0.0862      
t36       380.8192       380.8192       380.8192         0.0862      
t37        39.0181        39.0181        39.0181         0.0862      
t38       240.6462       240.6462       240.6462         0.0862      
t39       306.9947       306.9947       306.9947         0.0862      
t4        237.8733       237.8733       237.8733         0.1428      
t40       209.2304       209.2304       209.2304         0.1428      
t41       395.7958       395.7958       395.7958         0.0862      
t42        59.8507        59.8507        59.8507         0.0862      
t43       453.2513       453.2513       453.2513         0.0958      
t44       170.0485       170.0485       170.0485         0.0862      
t45       121.8401       121.8401       121.8401         0.0862      
t46       161.7604       161.7604       161.7604         0.0862      
t47       293.3905       293.3905       293.3905         0.0862      
t48       374.8679       374.8679       374.8679         0.1800      
t5        499.6595       499.6595       499.6595         0.1800      
t6        495.9642       495.9642       495.9642         0.1428      
t7        381.9488       381.9488       381.9488         0.1428      
t8        390.4138       390.4138       390.4138         0.1428      
t9        177.0472       177.0472       177.0472         0.1428      

---- EQU pv_balance  

           LOWER          LEVEL          UPPER         MARGINAL

t1           .              .              .             0.1800      
t10          .              .              .             0.1428      
t11          .              .              .             0.1428      
t12          .              .              .             0.1428      
t13          .              .              .             0.1587      
t14          .              .              .             0.1428      
t15          .              .              .             0.1428      
t16          .              .              .             0.1587      
t17          .              .              .             0.1587      
t18          .              .              .             0.1428      
t19          .              .              .             0.1587      
t2           .              .              .             0.1428      
t20          .              .              .             0.1428      
t21          .              .              .             0.1428      
t22          .              .              .             0.1428      
t23          .              .              .             0.1428      
GAMS 30.3.0  rc5da09e Released Mar  6, 2020 WEX-WEI x86 64bit/MS Windows                                                                                                                                                              04/20/20 15:01:08 Page 15
G e n e r a l   A l g e b r a i c   M o d e l i n g   S y s t e m
Solution Report     SOLVE pv Using LP From line 73


     EQU pv_balance  

           LOWER          LEVEL          UPPER         MARGINAL

t24          .              .              .             0.1428      
t25          .              .              .             0.0862      
t26          .              .              .             0.0862      
t27          .              .              .             0.0862      
t28          .              .              .             0.0958      
t29          .              .              .             0.0862      
t3           .              .              .             0.1428      
t30          .              .              .             0.0862      
t31          .              .              .             0.0862      
t32          .              .              .             0.0862      
t33          .              .              .             0.0862      
t34          .              .              .             0.0958      
t35          .              .              .             0.0862      
t36          .              .              .             0.0862      
t37          .              .              .             0.0862      
t38          .              .              .             0.0862      
t39          .              .              .             0.0862      
t4           .              .              .             0.1428      
t40          .              .              .             0.1428      
t41          .              .              .             0.0862      
t42          .              .              .             0.0862      
t43          .              .              .             0.0958      
t44          .              .              .             0.0862      
t45          .              .              .             0.0862      
t46          .              .              .             0.0862      
t47          .              .              .             0.0862      
t48          .              .              .             0.1800      
t5           .              .              .             0.1800      
t6           .              .              .             0.1428      
t7           .              .              .             0.1428      
t8           .              .              .             0.1428      
t9           .              .              .             0.1428      

---- EQU stor_max  

           LOWER          LEVEL          UPPER         MARGINAL

t1         -INF         -539.9234          .              .          
t10        -INF         -456.2248          .              .          
t11        -INF             .              .              .          
t12        -INF             .              .             EPS         
t13        -INF         -319.0688          .              .          
t14        -INF          -78.7068          .              .          
t15        -INF          -78.7068          .              .          
t16        -INF         -166.8123          .              .          
t17        -INF         -539.9234          .              .          
t18        -INF         -463.6088          .              .          
t19        -INF         -539.9234          .              .          
t2         -INF         -539.9234          .              .          
GAMS 30.3.0  rc5da09e Released Mar  6, 2020 WEX-WEI x86 64bit/MS Windows                                                                                                                                                              04/20/20 15:01:08 Page 16
G e n e r a l   A l g e b r a i c   M o d e l i n g   S y s t e m
Solution Report     SOLVE pv Using LP From line 73


     EQU stor_max  

           LOWER          LEVEL          UPPER         MARGINAL

t20        -INF         -539.9234          .              .          
t21        -INF         -539.9234          .              .          
t22        -INF         -539.9234          .              .          
t23        -INF         -539.9234          .              .          
t24        -INF         -539.9234          .              .          
t25        -INF         -539.9234          .              .          
t26        -INF         -539.9234          .              .          
t27        -INF         -260.6994          .              .          
t28        -INF         -399.7060          .              .          
t29        -INF             .              .            -0.0471      
t3         -INF         -539.9234          .              .          
t30        -INF         -539.9234          .              .          
t31        -INF         -539.9234          .              .          
t32        -INF         -448.8329          .              .          
t33        -INF         -192.6484          .              .          
t34        -INF         -539.9234          .              .          
t35        -INF         -539.9234          .              .          
t36        -INF         -539.9234          .              .          
t37        -INF         -539.9234          .              .          
t38        -INF         -488.1364          .              .          
t39        -INF             .              .            -0.0471      
t4         -INF         -522.7879          .              .          
t40        -INF         -539.9234          .              .          
t41        -INF         -539.9234          .              .          
t42        -INF         -359.2567          .              .          
t43        -INF         -539.9234          .              .          
t44        -INF         -539.9234          .              .          
t45        -INF         -539.9234          .              .          
t46        -INF         -128.8890          .              .          
t47        -INF             .              .            -0.0842      
t48        -INF          -52.0787          .              .          
t5         -INF         -539.9234          .              .          
t6         -INF         -539.9234          .              .          
t7         -INF         -539.9234          .              .          
t8         -INF         -539.9234          .              .          
t9         -INF         -539.9234          .              .          

---- EQU stor_balance  

           LOWER          LEVEL          UPPER         MARGINAL

t1           .              .              .            -0.2000      
t10          .              .              .            -0.1587      
t11          .              .              .            -0.1587      
t12          .              .              .            -0.1587      
t13          .              .              .            -0.1587      
t14          .              .              .            -0.1587      
t15          .              .              .            -0.1587      
t16          .              .              .            -0.1587      
GAMS 30.3.0  rc5da09e Released Mar  6, 2020 WEX-WEI x86 64bit/MS Windows                                                                                                                                                              04/20/20 15:01:08 Page 17
G e n e r a l   A l g e b r a i c   M o d e l i n g   S y s t e m
Solution Report     SOLVE pv Using LP From line 73


     EQU stor_balance  

           LOWER          LEVEL          UPPER         MARGINAL

t17          .              .              .            -0.1587      
t18          .              .              .            -0.1587      
t19          .              .              .            -0.1587      
t2           .              .              .            -0.1428      
t20          .              .              .            -0.1428      
t21          .              .              .            -0.1428      
t22          .              .              .            -0.1428      
t23          .              .              .            -0.1428      
t24          .              .              .            -0.1428      
t25          .              .              .            -0.0958      
t26          .              .              .            -0.0958      
t27          .              .              .            -0.0958      
t28          .              .              .            -0.0958      
t29          .              .              .            -0.0958      
t3           .              .              .            -0.1428      
t30          .              .              .            -0.0958      
t31          .              .              .            -0.0958      
t32          .              .              .            -0.0958      
t33          .              .              .            -0.0958      
t34          .              .              .            -0.0958      
t35          .              .              .            -0.0958      
t36          .              .              .            -0.0958      
t37          .              .              .            -0.0958      
t38          .              .              .            -0.0958      
t39          .              .              .            -0.0958      
t4           .              .              .            -0.1428      
t40          .              .              .            -0.1428      
t41          .              .              .            -0.0958      
t42          .              .              .            -0.0958      
t43          .              .              .            -0.0958      
t44          .              .              .            -0.0958      
t45          .              .              .            -0.0958      
t46          .              .              .            -0.0958      
t47          .              .              .            -0.0958      
t48          .              .              .            -0.1800      
t5           .              .              .            -0.1800      
t6           .              .              .            -0.1587      
t7           .              .              .            -0.1587      
t8           .              .              .            -0.1587      
t9           .              .              .            -0.1428      

---- EQU control_dem  

          LOWER          LEVEL          UPPER         MARGINAL

d1     -7381.2064     -7381.2064     -7381.2064        -0.1428      
d2     -5123.0762     -5123.0762     -5123.0762        -0.0862      
GAMS 30.3.0  rc5da09e Released Mar  6, 2020 WEX-WEI x86 64bit/MS Windows                                                                                                                                                              04/20/20 15:01:08 Page 18
G e n e r a l   A l g e b r a i c   M o d e l i n g   S y s t e m
Solution Report     SOLVE pv Using LP From line 73


---- EQU control_dem_max  

           LOWER          LEVEL          UPPER         MARGINAL

t1         -INF             .          1000.0000          .          
t10        -INF             .          1000.0000          .          
t11        -INF          237.9471      1000.0000          .          
t12        -INF          210.3830      1000.0000          .          
t13        -INF             .          1000.0000          .          
t14        -INF          334.4701      1000.0000          .          
t15        -INF          459.0573      1000.0000          .          
t16        -INF             .          1000.0000          .          
t17        -INF             .          1000.0000          .          
t18        -INF          491.3710      1000.0000          .          
t19        -INF             .          1000.0000          .          
t2         -INF          423.8230      1000.0000          .          
t20        -INF          224.2677      1000.0000          .          
t21        -INF           42.8358      1000.0000          .          
t22        -INF          322.4392      1000.0000          .          
t23        -INF          520.4784      1000.0000          .          
t24        -INF          446.7094      1000.0000          .          
t25        -INF          163.1383      1000.0000          .          
t26        -INF          135.4389      1000.0000          .          
t27        -INF          553.7031      1000.0000          .          
t28        -INF             .          1000.0000          .          
t29        -INF             .          1000.0000          .          
t3         -INF          812.3268      1000.0000          .          
t30        -INF          301.4345      1000.0000          .          
t31        -INF          271.8564      1000.0000          .          
t32        -INF          248.4742      1000.0000          .          
t33        -INF             .          1000.0000          .          
t34        -INF             .          1000.0000          .          
t35        -INF          880.2477      1000.0000          .          
t36        -INF          621.0168      1000.0000          .          
t37        -INF          841.7656      1000.0000          .          
t38        -INF           53.7416      1000.0000          .          
t39        -INF             .          1000.0000          .          
t4         -INF          636.6891      1000.0000          .          
t40        -INF             .          1000.0000          .          
t41        -INF          125.1028      1000.0000          .          
t42        -INF          290.8673      1000.0000          .          
t43        -INF             .          1000.0000          .          
t44        -INF          343.5704      1000.0000          .          
t45        -INF          198.8774      1000.0000          .          
t46        -INF           93.8412      1000.0000          .          
t47        -INF             .          1000.0000          .          
t48        -INF             .          1000.0000          .          
t5         -INF             .          1000.0000          .          
t6         -INF          484.2191      1000.0000          .          
t7         -INF          613.5043      1000.0000          .          
t8         -INF          549.9175      1000.0000          .          
t9         -INF          570.7679      1000.0000          .          
GAMS 30.3.0  rc5da09e Released Mar  6, 2020 WEX-WEI x86 64bit/MS Windows                                                                                                                                                              04/20/20 15:01:08 Page 19
G e n e r a l   A l g e b r a i c   M o d e l i n g   S y s t e m
Solution Report     SOLVE pv Using LP From line 73


                           LOWER          LEVEL          UPPER         MARGINAL

---- VAR x_pv                .         10411.7431        +INF             .          
---- VAR x_storage           .           539.9234        +INF             .          

---- VAR x_in  

           LOWER          LEVEL          UPPER         MARGINAL

t1           .              .            +INF             .          
t10          .            92.9984        +INF             .          
t11          .           506.9165        +INF             .          
t12          .              .            +INF            EPS         
t13          .              .            +INF            0.0159      
t14          .           267.0688        +INF             .          
t15          .              .            +INF            EPS         
t16          .              .            +INF            0.0159      
t17          .              .            +INF            0.0159      
t18          .            84.7940        +INF             .          
t19          .              .            +INF            0.0159      
t2           .              .            +INF            0.0143      
t20          .              .            +INF            0.0143      
t21          .              .            +INF            0.0143      
t22          .              .            +INF            0.0143      
t23          .              .            +INF            0.0143      
t24          .              .            +INF            0.0143      
t25          .              .            +INF             .          
t26          .              .            +INF             .          
t27          .           310.2488        +INF             .          
t28          .              .            +INF            0.0096      
t29          .           444.1178        +INF             .          
t3           .              .            +INF            0.0143      
t30          .              .            +INF             .          
t31          .              .            +INF            EPS         
t32          .           101.2117        +INF             .          
t33          .           284.6493        +INF             .          
t34          .              .            +INF            0.0096      
t35          .              .            +INF             .          
t36          .              .            +INF             .          
t37          .              .            +INF            EPS         
t38          .            57.5411        +INF             .          
t39          .           542.3738        +INF             .          
t4           .              .            +INF            0.0143      
t40          .              .            +INF            0.0143      
t41          .              .            +INF             .          
t42          .           200.7407        +INF             .          
t43          .              .            +INF            0.0096      
t44          .              .            +INF            EPS         
t45          .              .            +INF            EPS         
t46          .           456.7049        +INF             .          
t47          .           143.2100        +INF             .          
t48          .              .            +INF            0.0180      
t5           .              .            +INF            0.0180      
GAMS 30.3.0  rc5da09e Released Mar  6, 2020 WEX-WEI x86 64bit/MS Windows                                                                                                                                                              04/20/20 15:01:08 Page 20
G e n e r a l   A l g e b r a i c   M o d e l i n g   S y s t e m
Solution Report     SOLVE pv Using LP From line 73


     VAR x_in  

           LOWER          LEVEL          UPPER         MARGINAL

t6           .              .            +INF             .          
t7           .              .            +INF            EPS         
t8           .              .            +INF            EPS         
t9           .              .            +INF            0.0143      

---- VAR x_out  

           LOWER          LEVEL          UPPER         MARGINAL

t1           .              .            +INF            0.0200      
t10          .              .            +INF            0.0159      
t11          .              .            +INF            0.0159      
t12          .              .            +INF            0.0159      
t13          .           319.0688        +INF             .          
t14          .              .            +INF            0.0159      
t15          .              .            +INF            0.0159      
t16          .            88.1055        +INF             .          
t17          .           373.1110        +INF             .          
t18          .              .            +INF            0.0159      
t19          .            76.3146        +INF             .          
t2           .              .            +INF             .          
t20          .              .            +INF             .          
t21          .              .            +INF             .          
t22          .              .            +INF             .          
t23          .              .            +INF             .          
t24          .              .            +INF            EPS         
t25          .              .            +INF            0.0096      
t26          .              .            +INF            0.0096      
t27          .              .            +INF            0.0096      
t28          .           139.0066        +INF             .          
t29          .              .            +INF            0.0096      
t3           .           539.9234        +INF             .          
t30          .              .            +INF            0.0096      
t31          .              .            +INF            0.0096      
t32          .              .            +INF            0.0096      
t33          .              .            +INF            0.0096      
t34          .           347.2749        +INF             .          
t35          .              .            +INF            0.0096      
t36          .              .            +INF            0.0096      
t37          .              .            +INF            0.0096      
t38          .              .            +INF            0.0096      
t39          .              .            +INF            0.0096      
t4           .           522.7879        +INF             .          
t40          .            17.1355        +INF             .          
t41          .              .            +INF            0.0096      
t42          .              .            +INF            0.0096      
t43          .           180.6667        +INF             .          
t44          .              .            +INF            0.0096      
t45          .              .            +INF            0.0096      
GAMS 30.3.0  rc5da09e Released Mar  6, 2020 WEX-WEI x86 64bit/MS Windows                                                                                                                                                              04/20/20 15:01:08 Page 21
G e n e r a l   A l g e b r a i c   M o d e l i n g   S y s t e m
Solution Report     SOLVE pv Using LP From line 73


     VAR x_out  

           LOWER          LEVEL          UPPER         MARGINAL

t46          .              .            +INF            0.0096      
t47          .              .            +INF            0.0096      
t48          .            52.0787        +INF             .          
t5           .           487.8447        +INF             .          
t6           .              .            +INF            0.0159      
t7           .              .            +INF            0.0159      
t8           .              .            +INF            0.0159      
t9           .              .            +INF             .          

---- VAR x_soc  

           LOWER          LEVEL          UPPER         MARGINAL

t1           .              .            +INF            0.0413      
t10          .            83.6985        +INF             .          
t11          .           539.9234        +INF             .          
t12          .           539.9234        +INF             .          
t13          .           220.8546        +INF             .          
t14          .           461.2165        +INF             .          
t15          .           461.2165        +INF             .          
t16          .           373.1110        +INF             .          
t17          .              .            +INF            EPS         
t18          .            76.3146        +INF             .          
t19          .              .            +INF            0.0159      
t2           .              .            +INF            EPS         
t20          .              .            +INF            EPS         
t21          .              .            +INF            EPS         
t22          .              .            +INF            EPS         
t23          .              .            +INF             .          
t24          .              .            +INF            0.0471      
t25          .              .            +INF            EPS         
t26          .              .            +INF            EPS         
t27          .           279.2239        +INF             .          
t28          .           140.2174        +INF             .          
t29          .           539.9234        +INF             .          
t3           .              .            +INF            0.0471      
t30          .              .            +INF            EPS         
t31          .              .            +INF             .          
t32          .            91.0905        +INF             .          
t33          .           347.2749        +INF             .          
t34          .              .            +INF            EPS         
t35          .              .            +INF            EPS         
t36          .              .            +INF             .          
t37          .              .            +INF            EPS         
t38          .            51.7870        +INF             .          
t39          .           539.9234        +INF             .          
t4           .            17.1355        +INF             .          
t40          .              .            +INF            0.0471      
t41          .              .            +INF            EPS         
GAMS 30.3.0  rc5da09e Released Mar  6, 2020 WEX-WEI x86 64bit/MS Windows                                                                                                                                                              04/20/20 15:01:08 Page 22
G e n e r a l   A l g e b r a i c   M o d e l i n g   S y s t e m
Solution Report     SOLVE pv Using LP From line 73


     VAR x_soc  

           LOWER          LEVEL          UPPER         MARGINAL

t42          .           180.6667        +INF             .          
t43          .              .            +INF             .          
t44          .              .            +INF             .          
t45          .              .            +INF            EPS         
t46          .           411.0344        +INF             .          
t47          .           539.9234        +INF             .          
t48          .           487.8447        +INF             .          
t5           .              .            +INF            0.0213      
t6           .              .            +INF             .          
t7           .              .            +INF             .          
t8           .              .            +INF            0.0159      
t9           .              .            +INF            0.1428      

---- VAR x_direct_use  

           LOWER          LEVEL          UPPER         MARGINAL

t1           .           113.9432        +INF             .          
t10          .            16.9810        +INF             .          
t11          .           475.7991        +INF             .          
t12          .           471.9782        +INF             .          
t13          .           148.0267        +INF             .          
t14          .           378.4516        +INF             .          
t15          .           912.8235        +INF             .          
t16          .             3.0355        +INF             .          
t17          .            58.0541        +INF             .          
t18          .           765.8907        +INF             .          
t19          .           304.4141        +INF             .          
t2           .           718.3191        +INF             .          
t20          .           245.3969        +INF             .          
t21          .           269.1331        +INF             .          
t22          .           484.8487        +INF             .          
t23          .           722.0848        +INF             .          
t24          .           694.3628        +INF             .          
t25          .           178.0415        +INF             .          
t26          .           206.7139        +INF             .          
t27          .           638.6857        +INF             .          
t28          .            24.8595        +INF             .          
t29          .           126.1265        +INF             .          
t3           .           502.0459        +INF             .          
t30          .           680.9618        +INF             .          
t31          .           287.8824        +INF             .          
t32          .           443.6984        +INF             .          
t33          .            26.7752        +INF             .          
t34          .            93.0410        +INF             .          
t35          .           996.0526        +INF             .          
t36          .          1001.8360        +INF             .          
t37          .           880.7837        +INF             .          
t38          .           294.3878        +INF             .          
GAMS 30.3.0  rc5da09e Released Mar  6, 2020 WEX-WEI x86 64bit/MS Windows                                                                                                                                                              04/20/20 15:01:08 Page 23
G e n e r a l   A l g e b r a i c   M o d e l i n g   S y s t e m
Solution Report     SOLVE pv Using LP From line 73


     VAR x_direct_use  

           LOWER          LEVEL          UPPER         MARGINAL

t39          .           306.9947        +INF             .          
t4           .           351.7745        +INF             .          
t40          .           192.0949        +INF             .          
t41          .           520.8986        +INF             .          
t42          .           350.7179        +INF             .          
t43          .           272.5846        +INF             .          
t44          .           513.6189        +INF             .          
t45          .           320.7175        +INF             .          
t46          .           255.6015        +INF             .          
t47          .           293.3905        +INF             .          
t48          .            86.0444        +INF             .          
t5           .            11.8149        +INF             .          
t6           .           980.1832        +INF             .          
t7           .           995.4531        +INF             .          
t8           .           940.3313        +INF             .          
t9           .           747.8151        +INF             .          

---- VAR x_curtailment  

           LOWER          LEVEL          UPPER         MARGINAL

t1           .              .            +INF            0.1800      
t10          .              .            +INF            0.1428      
t11          .              .            +INF            0.1428      
t12          .              .            +INF            0.1428      
t13          .              .            +INF            0.1587      
t14          .              .            +INF            0.1428      
t15          .              .            +INF            0.1428      
t16          .              .            +INF            0.1587      
t17          .              .            +INF            0.1587      
t18          .              .            +INF            0.1428      
t19          .              .            +INF            0.1587      
t2           .              .            +INF            0.1428      
t20          .              .            +INF            0.1428      
t21          .              .            +INF            0.1428      
t22          .              .            +INF            0.1428      
t23          .              .            +INF            0.1428      
t24          .              .            +INF            0.1428      
t25          .              .            +INF            0.0862      
t26          .              .            +INF            0.0862      
t27          .              .            +INF            0.0862      
t28          .              .            +INF            0.0958      
t29          .              .            +INF            0.0862      
t3           .              .            +INF            0.1428      
t30          .              .            +INF            0.0862      
t31          .              .            +INF            0.0862      
t32          .              .            +INF            0.0862      
t33          .              .            +INF            0.0862      
t34          .              .            +INF            0.0958      
GAMS 30.3.0  rc5da09e Released Mar  6, 2020 WEX-WEI x86 64bit/MS Windows                                                                                                                                                              04/20/20 15:01:08 Page 24
G e n e r a l   A l g e b r a i c   M o d e l i n g   S y s t e m
Solution Report     SOLVE pv Using LP From line 73


     VAR x_curtailment  

           LOWER          LEVEL          UPPER         MARGINAL

t35          .              .            +INF            0.0862      
t36          .              .            +INF            0.0862      
t37          .              .            +INF            0.0862      
t38          .              .            +INF            0.0862      
t39          .              .            +INF            0.0862      
t4           .              .            +INF            0.1428      
t40          .              .            +INF            0.1428      
t41          .              .            +INF            0.0862      
t42          .              .            +INF            0.0862      
t43          .              .            +INF            0.0958      
t44          .              .            +INF            0.0862      
t45          .              .            +INF            0.0862      
t46          .              .            +INF            0.0862      
t47          .              .            +INF            0.0862      
t48          .              .            +INF            0.1800      
t5           .              .            +INF            0.1800      
t6           .              .            +INF            0.1428      
t7           .              .            +INF            0.1428      
t8           .              .            +INF            0.1428      
t9           .              .            +INF            0.1428      

---- VAR x_buy_from_grid  

           LOWER          LEVEL          UPPER         MARGINAL

t1           .           187.3997        +INF             .          
t10          .              .            +INF            0.0372      
t11          .              .            +INF            0.0372      
t12          .              .            +INF            0.0372      
t13          .              .            +INF            0.0213      
t14          .              .            +INF            0.0372      
t15          .              .            +INF            0.0372      
t16          .              .            +INF            0.0213      
t17          .              .            +INF            0.0213      
t18          .              .            +INF            0.0372      
t19          .              .            +INF            0.0213      
t2           .              .            +INF            0.0372      
t20          .              .            +INF            0.0372      
t21          .              .            +INF            0.0372      
t22          .              .            +INF            0.0372      
t23          .              .            +INF            0.0372      
t24          .              .            +INF            0.0372      
t25          .              .            +INF            0.0938      
t26          .              .            +INF            0.0938      
t27          .              .            +INF            0.0938      
t28          .              .            +INF            0.0842      
t29          .              .            +INF            0.0938      
t3           .              .            +INF            0.0372      
t30          .              .            +INF            0.0938      
GAMS 30.3.0  rc5da09e Released Mar  6, 2020 WEX-WEI x86 64bit/MS Windows                                                                                                                                                              04/20/20 15:01:08 Page 25
G e n e r a l   A l g e b r a i c   M o d e l i n g   S y s t e m
Solution Report     SOLVE pv Using LP From line 73


     VAR x_buy_from_grid  

           LOWER          LEVEL          UPPER         MARGINAL

t31          .              .            +INF            0.0938      
t32          .              .            +INF            0.0938      
t33          .              .            +INF            0.0938      
t34          .              .            +INF            0.0842      
t35          .              .            +INF            0.0938      
t36          .              .            +INF            0.0938      
t37          .              .            +INF            0.0938      
t38          .              .            +INF            0.0938      
t39          .              .            +INF            0.0938      
t4           .              .            +INF            0.0372      
t40          .              .            +INF            0.0372      
t41          .              .            +INF            0.0938      
t42          .              .            +INF            0.0938      
t43          .              .            +INF            0.0842      
t44          .              .            +INF            0.0938      
t45          .              .            +INF            0.0938      
t46          .              .            +INF            0.0938      
t47          .              .            +INF            0.0938      
t48          .           236.7448        +INF             .          
t5           .              .            +INF            EPS         
t6           .              .            +INF            0.0372      
t7           .              .            +INF            0.0372      
t8           .              .            +INF            0.0372      
t9           .              .            +INF            0.0372      

---- VAR x_sell_to_grid  

           LOWER          LEVEL          UPPER         MARGINAL

t1           .              .            +INF            0.1300      
t10          .              .            +INF            0.0928      
t11          .              .            +INF            0.0928      
t12          .              .            +INF            0.0928      
t13          .              .            +INF            0.1087      
t14          .              .            +INF            0.0928      
t15          .              .            +INF            0.0928      
t16          .              .            +INF            0.1087      
t17          .              .            +INF            0.1087      
t18          .              .            +INF            0.0928      
t19          .              .            +INF            0.1087      
t2           .              .            +INF            0.0928      
t20          .              .            +INF            0.0928      
t21          .              .            +INF            0.0928      
t22          .              .            +INF            0.0928      
t23          .              .            +INF            0.0928      
t24          .              .            +INF            0.0928      
t25          .              .            +INF            0.0362      
t26          .              .            +INF            0.0362      
t27          .              .            +INF            0.0362      
GAMS 30.3.0  rc5da09e Released Mar  6, 2020 WEX-WEI x86 64bit/MS Windows                                                                                                                                                              04/20/20 15:01:08 Page 26
G e n e r a l   A l g e b r a i c   M o d e l i n g   S y s t e m
Solution Report     SOLVE pv Using LP From line 73


     VAR x_sell_to_grid  

           LOWER          LEVEL          UPPER         MARGINAL

t28          .              .            +INF            0.0458      
t29          .              .            +INF            0.0362      
t3           .              .            +INF            0.0928      
t30          .              .            +INF            0.0362      
t31          .              .            +INF            0.0362      
t32          .              .            +INF            0.0362      
t33          .              .            +INF            0.0362      
t34          .              .            +INF            0.0458      
t35          .              .            +INF            0.0362      
t36          .              .            +INF            0.0362      
t37          .              .            +INF            0.0362      
t38          .              .            +INF            0.0362      
t39          .              .            +INF            0.0362      
t4           .              .            +INF            0.0928      
t40          .              .            +INF            0.0928      
t41          .              .            +INF            0.0362      
t42          .              .            +INF            0.0362      
t43          .              .            +INF            0.0458      
t44          .              .            +INF            0.0362      
t45          .              .            +INF            0.0362      
t46          .              .            +INF            0.0362      
t47          .              .            +INF            0.0362      
t48          .              .            +INF            0.1300      
t5           .              .            +INF            0.1300      
t6           .              .            +INF            0.0928      
t7           .              .            +INF            0.0928      
t8           .              .            +INF            0.0928      
t9           .              .            +INF            0.0928      

---- VAR x_control_demand  

           LOWER          LEVEL          UPPER         MARGINAL

t1           .              .            +INF            0.0372      
t10          .              .            +INF            EPS         
t11          .           237.9471        +INF             .          
t12          .           210.3830        +INF             .          
t13          .              .            +INF            0.0159      
t14          .           334.4701        +INF             .          
t15          .           459.0573        +INF             .          
t16          .              .            +INF            0.0159      
t17          .              .            +INF            0.0159      
t18          .           491.3710        +INF             .          
t19          .              .            +INF            0.0159      
t2           .           423.8230        +INF             .          
t20          .           224.2677        +INF             .          
t21          .            42.8358        +INF             .          
t22          .           322.4392        +INF             .          
t23          .           520.4784        +INF             .          
GAMS 30.3.0  rc5da09e Released Mar  6, 2020 WEX-WEI x86 64bit/MS Windows                                                                                                                                                              04/20/20 15:01:08 Page 27
G e n e r a l   A l g e b r a i c   M o d e l i n g   S y s t e m
Solution Report     SOLVE pv Using LP From line 73


     VAR x_control_demand  

           LOWER          LEVEL          UPPER         MARGINAL

t24          .           446.7094        +INF             .          
t25          .           163.1383        +INF             .          
t26          .           135.4389        +INF             .          
t27          .           553.7031        +INF             .          
t28          .              .            +INF            0.0096      
t29          .              .            +INF            EPS         
t3           .           812.3268        +INF             .          
t30          .           301.4345        +INF             .          
t31          .           271.8564        +INF             .          
t32          .           248.4742        +INF             .          
t33          .              .            +INF            EPS         
t34          .              .            +INF            0.0096      
t35          .           880.2477        +INF             .          
t36          .           621.0168        +INF             .          
t37          .           841.7656        +INF             .          
t38          .            53.7416        +INF             .          
t39          .              .            +INF            EPS         
t4           .           636.6891        +INF             .          
t40          .              .            +INF            0.0566      
t41          .           125.1028        +INF             .          
t42          .           290.8673        +INF             .          
t43          .              .            +INF            0.0096      
t44          .           343.5704        +INF             .          
t45          .           198.8774        +INF             .          
t46          .            93.8412        +INF             .          
t47          .              .            +INF            EPS         
t48          .              .            +INF            0.0938      
t5           .              .            +INF            0.0372      
t6           .           484.2191        +INF             .          
t7           .           613.5043        +INF             .          
t8           .           549.9175        +INF             .          
t9           .           570.7679        +INF             .          

                           LOWER          LEVEL          UPPER         MARGINAL

---- VAR x_cost            -INF         2953.6182        +INF             .          


**** REPORT SUMMARY :        0     NONOPT
                             0 INFEASIBLE
                             0  UNBOUNDED
GAMS 30.3.0  rc5da09e Released Mar  6, 2020 WEX-WEI x86 64bit/MS Windows                                                                                                                                                              04/20/20 15:01:08 Page 28
G e n e r a l   A l g e b r a i c   M o d e l i n g   S y s t e m
E x e c u t i o n


EXECUTION TIME       =        0.015 SECONDS      3 MB  30.3.0 rc5da09e WEX-WEI


USER: Small MUD - 5 User License                     S190207:0914AO-GEN
      Universitaet fuer Bodenkultur, Inst. f. Nachhaltige WirtschDC8950
      License for teaching and research at degree granting institutions


**** FILE SUMMARY

Input      C:\Users\MagerlU\Documents\GitHub\PV-Greenhouse-Integration\src/GAMS/pvsimple.gms
Output     C:\Users\MagerlU\Documents\GitHub\PV-Greenhouse-Integration\src/GAMS/pvsimple.lst
